// Jest Snapshot v1, https://goo.gl/fbAQLP

exports[`Processors collection in processors UI Renders with a list of processors 1`] = `
<div>
  <div>
    <div
      className="sc-bdVaJa caldera-row sc-bwzfXH pjOvZ"
      id={undefined}
    >
      <button
        className="caldera-forms-choose-processor caldera-forms-choose-processor-season7Episode2"
        onClick={[Function]}
      >
        Test sending form data to test API
      </button>
    </div>
    <div
      className="sc-bdVaJa caldera-row sc-bwzfXH pjOvZ"
      id={undefined}
    >
      <button
        className="caldera-forms-choose-processor caldera-forms-choose-processor-p2"
        onClick={[Function]}
      >
        Main MailChimp
      </button>
    </div>
  </div>
</div>
`;
