// Jest Snapshot v1, https://goo.gl/fbAQLP

exports[`Row component Creates columns 1`] = `
<div
  className="sc-bdVaJa caldera-row sc-bwzfXH pjOvZ"
  id="twoColumns"
>
  <div
    className="caldera-column sc-bdVaJa gfmZBt"
    id={undefined}
    width="1/2"
  />
  <div
    className="caldera-column sc-bdVaJa jlBFAP"
    id={undefined}
    width="1/4"
  />
  <div
    className="caldera-column sc-bdVaJa jlBFAP"
    id={undefined}
    width="1/4"
  />
</div>
`;
